python : Traceback 
(most recent call 
last):
At line:1 char:1
+ python test_ai.py > 
test_output.txt 2>&1
+ ~~~~~~~~~~~~~~~~~~~~
~~~~~~~~~~~~~~~~~~~~
    + CategoryInfo    
          : NotSpeci  
  fied: (Traceback    
 (most recent call    
 last)::String) [    
], RemoteExceptio    n
    + FullyQualifiedE 
   rrorId : NativeCo  
  mmandError
 
  File "C:\Users\kusha
\invmgmt shared\ai_ser
vice.py", line 60, in 
parse_command
    response = client.
chat.completions.creat
e(
        
model="gpt-4o", # Or 
gpt-3.5-turbo 
depending on 
availability/cost
    ...<5 lines>...
        
temperature=0.2
    )
  File "C:\Users\kusha
\AppData\Roaming\Pytho
n\Python313\site-packa
ges\openai\_utils\_uti
ls.py", line 286, in 
wrapper
    return 
func(*args, **kwargs)
  File "C:\Users\kusha
\AppData\Roaming\Pytho
n\Python313\site-packa
ges\openai\resources\c
hat\completions\comple
tions.py", line 1189, 
in create
    return self._post(
           ~~~~~~~~~~^
        
"/chat/completions",
        
^^^^^^^^^^^^^^^^^^^^
    ...<47 lines>...
        stream_cls=Str
eam[ChatCompletionChun
k],
        ^^^^^^^^^^^^^^
^^^^^^^^^^^^^^^^^^^^^^
^^^
    )
    ^
  File "C:\Users\kusha
\AppData\Roaming\Pytho
n\Python313\site-packa
ges\openai\_base_clien
t.py", line 1259, in 
post
    return 
cast(ResponseT, 
self.request(cast_to, 
opts, stream=stream, s
tream_cls=stream_cls))
                      
     ~~~~~~~~~~~~^^^^^
^^^^^^^^^^^^^^^^^^^^^^
^^^^^^^^^^^^^^^^^^^^^^
^^^^
  File "C:\Users\kusha
\AppData\Roaming\Pytho
n\Python313\site-packa
ges\openai\_base_clien
t.py", line 1047, in 
request
    raise self._make_s
tatus_error_from_respo
nse(err.response) 
from None
openai.RateLimitError:
 Error code: 429 - 
{'error': {'message': 
'You exceeded your 
current quota, please 
check your plan and 
billing details. For 
more information on 
this error, read the 
docs: https://platform
.openai.com/docs/guide
s/error-codes/api-erro
rs.', 'type': 
'insufficient_quota', 
'param': None, 
'code': 
'insufficient_quota'}}
Traceback (most 
recent call last):
  File "C:\Users\kusha
\invmgmt shared\ai_ser
vice.py", line 60, in 
parse_command
    response = client.
chat.completions.creat
e(
        
model="gpt-4o", # Or 
gpt-3.5-turbo 
depending on 
availability/cost
    ...<5 lines>...
        
temperature=0.2
    )
  File "C:\Users\kusha
\AppData\Roaming\Pytho
n\Python313\site-packa
ges\openai\_utils\_uti
ls.py", line 286, in 
wrapper
    return 
func(*args, **kwargs)
  File "C:\Users\kusha
\AppData\Roaming\Pytho
n\Python313\site-packa
ges\openai\resources\c
hat\completions\comple
tions.py", line 1189, 
in create
    return self._post(
           ~~~~~~~~~~^
        
"/chat/completions",
        
^^^^^^^^^^^^^^^^^^^^
    ...<47 lines>...
        stream_cls=Str
eam[ChatCompletionChun
k],
        ^^^^^^^^^^^^^^
^^^^^^^^^^^^^^^^^^^^^^
^^^
    )
    ^
  File "C:\Users\kusha
\AppData\Roaming\Pytho
n\Python313\site-packa
ges\openai\_base_clien
t.py", line 1259, in 
post
    return 
cast(ResponseT, 
self.request(cast_to, 
opts, stream=stream, s
tream_cls=stream_cls))
                      
     ~~~~~~~~~~~~^^^^^
^^^^^^^^^^^^^^^^^^^^^^
^^^^^^^^^^^^^^^^^^^^^^
^^^^
  File "C:\Users\kusha
\AppData\Roaming\Pytho
n\Python313\site-packa
ges\openai\_base_clien
t.py", line 1047, in 
request
    raise self._make_s
tatus_error_from_respo
nse(err.response) 
from None
openai.RateLimitError:
 Error code: 429 - 
{'error': {'message': 
'You exceeded your 
current quota, please 
check your plan and 
billing details. For 
more information on 
this error, read the 
docs: https://platform
.openai.com/docs/guide
s/error-codes/api-erro
rs.', 'type': 
'insufficient_quota', 
'param': None, 
'code': 
'insufficient_quota'}}
Testing: Bill for Riya: 2 milk and 1 bread
AI Service Error: Error code: 429 - {'error': {'message': 'You exceeded your current quota, please check your plan and billing details. For more information on this error, read the docs: https://platform.openai.com/docs/guides/error-codes/api-errors.', 'type': 'insufficient_quota', 'param': None, 'code': 'insufficient_quota'}}
{'intent': 'unknown', 'data': {}, 'missing_info': None, 'response_text': 'Sorry, I encountered an error processing your request.'}

Testing: Add product Maggi price 20
AI Service Error: Error code: 429 - {'error': {'message': 'You exceeded your current quota, please check your plan and billing details. For more information on this error, read the docs: https://platform.openai.com/docs/guides/error-codes/api-errors.', 'type': 'insufficient_quota', 'param': None, 'code': 'insufficient_quota'}}
{'intent': 'unknown', 'data': {}, 'missing_info': None, 'response_text': 'Sorry, I encountered an error processing your request.'}
